###############################################################################
#
# IAR ELF Linker V8.30.1.114/W32 for ARM                  10/Jul/2019  11:35:24
# Copyright 2007-2018 IAR Systems AB.
#
#    Output file  =  
#        G:\比赛\恩智浦\14信标\正式比赛\最终版本\Projecct\IAR\program\MK60DN_Debug\Exe\SeekFree_Kinetis.out
#    Map file     =  
#        G:\比赛\恩智浦\14信标\正式比赛\最终版本\Projecct\IAR\program\MK60DN_Debug\List\SeekFree_Kinetis.map
#    Command line =  
#        -f C:\Users\wangj\AppData\Local\Temp\EW7FDD.tmp
#        (G:\比赛\恩智浦\14信标\正式比赛\最终版本\Projecct\IAR\program\MK60DN_Debug\Obj\common.o
#        G:\比赛\恩智浦\14信标\正式比赛\最终版本\Projecct\IAR\program\MK60DN_Debug\Obj\control.o
#        G:\比赛\恩智浦\14信标\正式比赛\最终版本\Projecct\IAR\program\MK60DN_Debug\Obj\diskio.o
#        G:\比赛\恩智浦\14信标\正式比赛\最终版本\Projecct\IAR\program\MK60DN_Debug\Obj\ff.o
#        G:\比赛\恩智浦\14信标\正式比赛\最终版本\Projecct\IAR\program\MK60DN_Debug\Obj\font.o
#        G:\比赛\恩智浦\14信标\正式比赛\最终版本\Projecct\IAR\program\MK60DN_Debug\Obj\ImageDeal.o
#        G:\比赛\恩智浦\14信标\正式比赛\最终版本\Projecct\IAR\program\MK60DN_Debug\Obj\isr.o
#        G:\比赛\恩智浦\14信标\正式比赛\最终版本\Projecct\IAR\program\MK60DN_Debug\Obj\LCD.o
#        G:\比赛\恩智浦\14信标\正式比赛\最终版本\Projecct\IAR\program\MK60DN_Debug\Obj\led.o
#        G:\比赛\恩智浦\14信标\正式比赛\最终版本\Projecct\IAR\program\MK60DN_Debug\Obj\main.o
#        G:\比赛\恩智浦\14信标\正式比赛\最终版本\Projecct\IAR\program\MK60DN_Debug\Obj\misc.o
#        G:\比赛\恩智浦\14信标\正式比赛\最终版本\Projecct\IAR\program\MK60DN_Debug\Obj\MK60_adc.o
#        G:\比赛\恩智浦\14信标\正式比赛\最终版本\Projecct\IAR\program\MK60DN_Debug\Obj\MK60_cmt.o
#        G:\比赛\恩智浦\14信标\正式比赛\最终版本\Projecct\IAR\program\MK60DN_Debug\Obj\MK60_dac.o
#        G:\比赛\恩智浦\14信标\正式比赛\最终版本\Projecct\IAR\program\MK60DN_Debug\Obj\MK60_dma.o
#        G:\比赛\恩智浦\14信标\正式比赛\最终版本\Projecct\IAR\program\MK60DN_Debug\Obj\MK60_flash.o
#        G:\比赛\恩智浦\14信标\正式比赛\最终版本\Projecct\IAR\program\MK60DN_Debug\Obj\MK60_ftm.o
#        G:\比赛\恩智浦\14信标\正式比赛\最终版本\Projecct\IAR\program\MK60DN_Debug\Obj\MK60_gpio.o
#        G:\比赛\恩智浦\14信标\正式比赛\最终版本\Projecct\IAR\program\MK60DN_Debug\Obj\MK60_i2c.o
#        G:\比赛\恩智浦\14信标\正式比赛\最终版本\Projecct\IAR\program\MK60DN_Debug\Obj\MK60_lptmr.o
#        G:\比赛\恩智浦\14信标\正式比赛\最终版本\Projecct\IAR\program\MK60DN_Debug\Obj\MK60_pit.o
#        G:\比赛\恩智浦\14信标\正式比赛\最终版本\Projecct\IAR\program\MK60DN_Debug\Obj\MK60_port.o
#        G:\比赛\恩智浦\14信标\正式比赛\最终版本\Projecct\IAR\program\MK60DN_Debug\Obj\MK60_rtc.o
#        G:\比赛\恩智浦\14信标\正式比赛\最终版本\Projecct\IAR\program\MK60DN_Debug\Obj\MK60_sdhc.o
#        G:\比赛\恩智浦\14信标\正式比赛\最终版本\Projecct\IAR\program\MK60DN_Debug\Obj\MK60_spi.o
#        G:\比赛\恩智浦\14信标\正式比赛\最终版本\Projecct\IAR\program\MK60DN_Debug\Obj\MK60_systick.o
#        G:\比赛\恩智浦\14信标\正式比赛\最终版本\Projecct\IAR\program\MK60DN_Debug\Obj\MK60_uart.o
#        G:\比赛\恩智浦\14信标\正式比赛\最终版本\Projecct\IAR\program\MK60DN_Debug\Obj\MK60_wdog.o
#        G:\比赛\恩智浦\14信标\正式比赛\最终版本\Projecct\IAR\program\MK60DN_Debug\Obj\SEEKFREE_18TFT.o
#        G:\比赛\恩智浦\14信标\正式比赛\最终版本\Projecct\IAR\program\MK60DN_Debug\Obj\SEEKFREE_7725.o
#        G:\比赛\恩智浦\14信标\正式比赛\最终版本\Projecct\IAR\program\MK60DN_Debug\Obj\SEEKFREE_FUN.o
#        G:\比赛\恩智浦\14信标\正式比赛\最终版本\Projecct\IAR\program\MK60DN_Debug\Obj\SEEKFREE_IIC.o
#        G:\比赛\恩智浦\14信标\正式比赛\最终版本\Projecct\IAR\program\MK60DN_Debug\Obj\SEEKFREE_L3G4200D.o
#        G:\比赛\恩智浦\14信标\正式比赛\最终版本\Projecct\IAR\program\MK60DN_Debug\Obj\SEEKFREE_MMA8451.o
#        G:\比赛\恩智浦\14信标\正式比赛\最终版本\Projecct\IAR\program\MK60DN_Debug\Obj\SEEKFREE_MPU6050.o
#        G:\比赛\恩智浦\14信标\正式比赛\最终版本\Projecct\IAR\program\MK60DN_Debug\Obj\SEEKFREE_MT9V032.o
#        G:\比赛\恩智浦\14信标\正式比赛\最终版本\Projecct\IAR\program\MK60DN_Debug\Obj\SEEKFREE_NRF24L01.o
#        G:\比赛\恩智浦\14信标\正式比赛\最终版本\Projecct\IAR\program\MK60DN_Debug\Obj\SEEKFREE_OLED.o
#        G:\比赛\恩智浦\14信标\正式比赛\最终版本\Projecct\IAR\program\MK60DN_Debug\Obj\SEEKFREE_TSL1401.o
#        G:\比赛\恩智浦\14信标\正式比赛\最终版本\Projecct\IAR\program\MK60DN_Debug\Obj\startup_MK60D10.o
#        G:\比赛\恩智浦\14信标\正式比赛\最终版本\Projecct\IAR\program\MK60DN_Debug\Obj\system_MK60.o
#        G:\比赛\恩智浦\14信标\正式比赛\最终版本\Projecct\IAR\program\MK60DN_Debug\Obj\SystemInit.o
#        --no_out_extension -o
#        G:\比赛\恩智浦\14信标\正式比赛\最终版本\Projecct\IAR\program\MK60DN_Debug\Exe\SeekFree_Kinetis.out
#        --map
#        G:\比赛\恩智浦\14信标\正式比赛\最终版本\Projecct\IAR\program\MK60DN_Debug\List\SeekFree_Kinetis.map
#        --config D:\Iar\arm\config\linker\NXP\MK60xN512_10.icf --semihosting
#        --entry __iar_program_start --vfe --text_out locale)
#
###############################################################################

*******************************************************************************
*** RUNTIME MODEL ATTRIBUTES
***

CppFlavor       = *
__Heap_Handler  = NoFree
__SystemLibrary = DLib
__dlib_version  = 6


*******************************************************************************
*** HEAP SELECTION
***

The no free heap was selected because no calls to memory
deallocation functions were found in the application.


*******************************************************************************
*** PLACEMENT SUMMARY
***

"A0":  place at 0x0 { ro section .intvec };
"P2":  place in [from 0x0 to 0x3ff] |
                [from 0x410 to 0x7'ffff] { ro };
define block CSTACK with size = 8K, alignment = 8 { };
define block HEAP with size = 16K, alignment = 8 { };
"P3":  place in [from 0x1fff'0000 to 0x1fff'ffff repeat 2] {
          rw, block CSTACK, block HEAP };
initialize by copy { rw };

No sections matched the following patterns:

  section FlashConfig  in "P1"


  Section            Kind         Address    Size  Object
  -------            ----         -------    ----  ------
"A0":                                       0x410
  .intvec            ro code          0x0   0x410  startup_MK60D10.o [1]
                                  - 0x410   0x410

"P2":                                      0x2b14
  .text              ro code        0x410   0x4e0  SystemInit.o [1]
  .text              ro code        0x8f0    0x70  common.o [1]
  .text              ro code        0x960   0x1dc  MK60_gpio.o [1]
  .text              ro code        0xb3c    0xe4  MK60_port.o [1]
  .text              ro code        0xc20   0x324  MK60_ftm.o [1]
  .text              ro code        0xf44   0x2d0  MK60_uart.o [1]
  .text              ro code       0x1214   0x40a  SEEKFREE_18TFT.o [1]
  .text              ro code       0x161e    0x3a  zero_init3.o [4]
  .text              ro code       0x1658   0x294  SEEKFREE_MT9V032.o [1]
  .text              ro code       0x18ec    0x88  led.o [1]
  .text              ro code       0x1974    0x68  MK60_pit.o [1]
  .text              ro code       0x19dc   0x200  MK60_adc.o [1]
  .text              ro code       0x1bdc   0x4a4  MK60_spi.o [1]
  .text              ro code       0x2080    0x50  MK60_systick.o [1]
  .text              ro code       0x20d0   0x208  MK60_dma.o [1]
  .text              ro code       0x22d8    0x86  ABImemcpy.o [4]
  .text              ro code       0x235e     0x8  abs.o [2]
  .text              ro code       0x2368   0x410  ImageDeal.o [1]
  .text              ro code       0x2778    0x24  S32ToFlt.o [3]
  .text              ro code       0x279c    0xd8  FltMul.o [3]
  .text              ro code       0x2874    0x2a  FltToS32.o [3]
  .text              ro code       0x28a0   0x128  isr.o [1]
  .text              ro code       0x29c8    0xfa  system_MK60.o [1]
  .text              ro code       0x2ac4    0xa4  main.o [1]
  .rodata            const         0x2b68    0x40  MK60_spi.o [1]
  .text              ro code       0x2ba8    0x2c  copy_init3.o [4]
  .text              ro code       0x2bd4    0x28  data_init.o [4]
  .iar.init_table    const         0x2bfc    0x24  - Linker created -
  .text              ro code       0x2c20    0x1e  cmain.o [4]
  .text              ro code       0x2c3e     0x4  low_level_init.o [2]
  .text              ro code       0x2c42     0x4  exit.o [2]
  .text              ro code       0x2c48     0xa  cexit.o [4]
  .text              ro code       0x2c54    0x14  exit.o [5]
  .rodata            const         0x2c68    0x14  MK60_gpio.o [1]
  .rodata            const         0x2c7c    0x14  MK60_gpio.o [1]
  .rodata            const         0x2c90    0x14  MK60_port.o [1]
  .rodata            const         0x2ca4    0x14  MK60_port.o [1]
  .text              ro code       0x2cb8    0x10  startup_MK60D10.o [1]
  .rodata            const         0x2cc8     0xc  MK60_ftm.o [1]
  .text              ro code       0x2cd4     0xc  cstartup_M.o [4]
  .rodata            const         0x2ce0     0x4  MK60_spi.o [1]
  .text              ro code       0x2ce4     0x4  startup_MK60D10.o [1]
  .text              ro code       0x2ce8     0x4  startup_MK60D10.o [1]
  .text              ro code       0x2cec     0x4  startup_MK60D10.o [1]
  .text              ro code       0x2cf0     0x4  startup_MK60D10.o [1]
  .text              ro code       0x2cf4     0x4  startup_MK60D10.o [1]
  .text              ro code       0x2cf8     0x4  startup_MK60D10.o [1]
  .text              ro code       0x2cfc     0x4  startup_MK60D10.o [1]
  .text              ro code       0x2d00     0x4  startup_MK60D10.o [1]
  .text              ro code       0x2d04     0x4  startup_MK60D10.o [1]
  .text              ro code       0x2d08     0x4  startup_MK60D10.o [1]
  .text              ro code       0x2d0c     0x4  startup_MK60D10.o [1]
  .text              ro code       0x2d10     0x4  startup_MK60D10.o [1]
  .text              ro code       0x2d14     0x4  startup_MK60D10.o [1]
  .text              ro code       0x2d18     0x4  startup_MK60D10.o [1]
  .text              ro code       0x2d1c     0x4  startup_MK60D10.o [1]
  .text              ro code       0x2d20     0x4  startup_MK60D10.o [1]
  .text              ro code       0x2d24     0x4  startup_MK60D10.o [1]
  .text              ro code       0x2d28     0x4  startup_MK60D10.o [1]
  .text              ro code       0x2d2c     0x4  startup_MK60D10.o [1]
  .text              ro code       0x2d30     0x4  startup_MK60D10.o [1]
  .text              ro code       0x2d34     0x4  startup_MK60D10.o [1]
  .text              ro code       0x2d38     0x4  startup_MK60D10.o [1]
  .text              ro code       0x2d3c     0x4  startup_MK60D10.o [1]
  .text              ro code       0x2d40     0x4  startup_MK60D10.o [1]
  .text              ro code       0x2d44     0x4  startup_MK60D10.o [1]
  .text              ro code       0x2d48     0x4  startup_MK60D10.o [1]
  .text              ro code       0x2d4c     0x4  startup_MK60D10.o [1]
  .text              ro code       0x2d50     0x4  startup_MK60D10.o [1]
  .text              ro code       0x2d54     0x4  startup_MK60D10.o [1]
  .text              ro code       0x2d58     0x4  startup_MK60D10.o [1]
  .text              ro code       0x2d5c     0x4  startup_MK60D10.o [1]
  .text              ro code       0x2d60     0x4  startup_MK60D10.o [1]
  .text              ro code       0x2d64     0x4  startup_MK60D10.o [1]
  .text              ro code       0x2d68     0x4  startup_MK60D10.o [1]
  .text              ro code       0x2d6c     0x4  startup_MK60D10.o [1]
  .text              ro code       0x2d70     0x4  startup_MK60D10.o [1]
  .text              ro code       0x2d74     0x4  startup_MK60D10.o [1]
  .text              ro code       0x2d78     0x4  startup_MK60D10.o [1]
  .text              ro code       0x2d7c     0x4  startup_MK60D10.o [1]
  .text              ro code       0x2d80     0x4  startup_MK60D10.o [1]
  .text              ro code       0x2d84     0x4  startup_MK60D10.o [1]
  .text              ro code       0x2d88     0x4  startup_MK60D10.o [1]
  .text              ro code       0x2d8c     0x4  startup_MK60D10.o [1]
  .text              ro code       0x2d90     0x4  startup_MK60D10.o [1]
  .text              ro code       0x2d94     0x4  startup_MK60D10.o [1]
  .text              ro code       0x2d98     0x4  startup_MK60D10.o [1]
  .text              ro code       0x2d9c     0x4  startup_MK60D10.o [1]
  .text              ro code       0x2da0     0x4  startup_MK60D10.o [1]
  .text              ro code       0x2da4     0x4  startup_MK60D10.o [1]
  .text              ro code       0x2da8     0x4  startup_MK60D10.o [1]
  .text              ro code       0x2dac     0x4  startup_MK60D10.o [1]
  .text              ro code       0x2db0     0x4  startup_MK60D10.o [1]
  .text              ro code       0x2db4     0x4  startup_MK60D10.o [1]
  .text              ro code       0x2db8     0x4  startup_MK60D10.o [1]
  .text              ro code       0x2dbc     0x4  startup_MK60D10.o [1]
  .text              ro code       0x2dc0     0x4  startup_MK60D10.o [1]
  .text              ro code       0x2dc4     0x4  startup_MK60D10.o [1]
  .text              ro code       0x2dc8     0x4  startup_MK60D10.o [1]
  .text              ro code       0x2dcc     0x4  startup_MK60D10.o [1]
  .text              ro code       0x2dd0     0x4  startup_MK60D10.o [1]
  .text              ro code       0x2dd4     0x4  startup_MK60D10.o [1]
  .text              ro code       0x2dd8     0x4  startup_MK60D10.o [1]
  .text              ro code       0x2ddc     0x4  startup_MK60D10.o [1]
  .text              ro code       0x2de0     0x4  startup_MK60D10.o [1]
  .text              ro code       0x2de4     0x4  startup_MK60D10.o [1]
  .text              ro code       0x2de8     0x4  startup_MK60D10.o [1]
  .text              ro code       0x2dec     0x4  startup_MK60D10.o [1]
  .text              ro code       0x2df0     0x4  startup_MK60D10.o [1]
  .text              ro code       0x2df4     0x4  startup_MK60D10.o [1]
  .text              ro code       0x2df8     0x4  startup_MK60D10.o [1]
  .text              ro code       0x2dfc     0x4  startup_MK60D10.o [1]
  .text              ro code       0x2e00     0x4  startup_MK60D10.o [1]
  .text              ro code       0x2e04     0x4  startup_MK60D10.o [1]
  .text              ro code       0x2e08     0x4  startup_MK60D10.o [1]
  .text              ro code       0x2e0c     0x4  startup_MK60D10.o [1]
  .text              ro code       0x2e10     0x4  startup_MK60D10.o [1]
  .text              ro code       0x2e14     0x4  startup_MK60D10.o [1]
  .text              ro code       0x2e18     0x4  startup_MK60D10.o [1]
  .text              ro code       0x2e1c     0x4  startup_MK60D10.o [1]
  .text              ro code       0x2e20     0x4  startup_MK60D10.o [1]
  .text              ro code       0x2e24     0x4  startup_MK60D10.o [1]
  .text              ro code       0x2e28     0x4  startup_MK60D10.o [1]
  .text              ro code       0x2e2c     0x4  startup_MK60D10.o [1]
  .text              ro code       0x2e30     0x4  startup_MK60D10.o [1]
  .text              ro code       0x2e34     0x4  startup_MK60D10.o [1]
  .text              ro code       0x2e38     0x4  startup_MK60D10.o [1]
  .text              ro code       0x2e3c     0x4  startup_MK60D10.o [1]
  .text              ro code       0x2e40     0x4  startup_MK60D10.o [1]
  .text              ro code       0x2e44     0x4  startup_MK60D10.o [1]
  .text              ro code       0x2e48     0x4  startup_MK60D10.o [1]
  .text              ro code       0x2e4c     0x4  startup_MK60D10.o [1]
  .text              ro code       0x2e50     0x4  startup_MK60D10.o [1]
  .text              ro code       0x2e54     0x4  startup_MK60D10.o [1]
  .text              ro code       0x2e58     0x4  startup_MK60D10.o [1]
  .text              ro code       0x2e5c     0x4  startup_MK60D10.o [1]
  .text              ro code       0x2e60     0x4  startup_MK60D10.o [1]
  .text              ro code       0x2e64     0x4  startup_MK60D10.o [1]
  .text              ro code       0x2e68     0x4  startup_MK60D10.o [1]
  .text              ro code       0x2e6c     0x4  startup_MK60D10.o [1]
  .text              ro code       0x2e70     0x4  startup_MK60D10.o [1]
  .text              ro code       0x2e74     0x4  startup_MK60D10.o [1]
  .text              ro code       0x2e78     0x4  startup_MK60D10.o [1]
  .text              ro code       0x2e7c     0x4  startup_MK60D10.o [1]
  .text              ro code       0x2e80     0x4  startup_MK60D10.o [1]
  .text              ro code       0x2e84     0x4  startup_MK60D10.o [1]
  .text              ro code       0x2e88     0x4  startup_MK60D10.o [1]
  .text              ro code       0x2e8c     0x4  startup_MK60D10.o [1]
  .text              ro code       0x2e90     0x4  startup_MK60D10.o [1]
  .rodata            const         0x2e94     0x0  zero_init3.o [4]
  .rodata            const         0x2e94     0x0  copy_init3.o [4]
  Initializer bytes  const         0x2e94    0x90  <for P3 s0>
                                 - 0x2f24  0x2b14

"P3", part 1 of 3:                           0x90
  P3 s0                       0x1fff'0000    0x90  <Init block>
    .data            inited   0x1fff'0000    0x24  SEEKFREE_MT9V032.o [1]
    .data            inited   0x1fff'0024    0x20  SEEKFREE_MT9V032.o [1]
    .data            inited   0x1fff'0044    0x18  MK60_uart.o [1]
    .data            inited   0x1fff'005c     0xc  MK60_spi.o [1]
    .data            inited   0x1fff'0068     0x4  common.o [1]
    .data            inited   0x1fff'006c     0x4  common.o [1]
    .data            inited   0x1fff'0070     0x4  common.o [1]
    .data            inited   0x1fff'0074     0x4  led.o [1]
    .data            inited   0x1fff'0078     0x2  ImageDeal.o [1]
    .data            inited   0x1fff'007a     0x2  ImageDeal.o [1]
    .data            inited   0x1fff'007c     0x2  ImageDeal.o [1]
    .data            inited   0x1fff'007e     0x2  ImageDeal.o [1]
    .data            inited   0x1fff'0080     0x2  ImageDeal.o [1]
    .data            inited   0x1fff'0082     0x2  main.o [1]
    .data            inited   0x1fff'0084     0x2  main.o [1]
    .data            inited   0x1fff'0086     0x2  main.o [1]
    .data            inited   0x1fff'0088     0x1  SEEKFREE_MT9V032.o [1]
    .data            inited   0x1fff'0089     0x1  SystemInit.o [1]
    .data            inited   0x1fff'008a     0x1  SystemInit.o [1]
    .data            inited   0x1fff'008b     0x1  SystemInit.o [1]
    .data            inited   0x1fff'008c     0x1  SystemInit.o [1]
    .data            inited   0x1fff'008d     0x1  SystemInit.o [1]
    .data            inited   0x1fff'008e     0x1  SystemInit.o [1]
    .data            inited   0x1fff'008f     0x1  SystemInit.o [1]
                            - 0x1fff'0090    0x90

"P3", part 2 of 3:                         0xb078
  .bss               zero     0x1fff'0090  0x5820  ImageDeal.o [1]
  .bss               zero     0x1fff'58b0  0x5820  SEEKFREE_MT9V032.o [1]
  .bss               zero     0x1fff'b0d0     0x8  MK60_ftm.o [1]
  .bss               zero     0x1fff'b0d8     0x4  ImageDeal.o [1]
  .bss               zero     0x1fff'b0dc     0x4  SEEKFREE_MT9V032.o [1]
  .bss               zero     0x1fff'b0e0     0x2  ImageDeal.o [1]
  .bss               zero     0x1fff'b0e2     0x2  ImageDeal.o [1]
  .bss               zero     0x1fff'b0e4     0x2  ImageDeal.o [1]
  .bss               zero     0x1fff'b0e6     0x2  ImageDeal.o [1]
  .bss               zero     0x1fff'b0e8     0x2  ImageDeal.o [1]
  .bss               zero     0x1fff'b0ea     0x2  ImageDeal.o [1]
  .bss               zero     0x1fff'b0ec     0x2  ImageDeal.o [1]
  .bss               zero     0x1fff'b0ee     0x2  ImageDeal.o [1]
  .bss               zero     0x1fff'b0f0     0x2  ImageDeal.o [1]
  .bss               zero     0x1fff'b0f2     0x2  isr.o [1]
  .bss               zero     0x1fff'b0f4     0x2  SystemInit.o [1]
  .bss               zero     0x1fff'b0f6     0x2  SystemInit.o [1]
  .bss               zero     0x1fff'b0f8     0x2  SystemInit.o [1]
  .bss               zero     0x1fff'b0fa     0x2  SystemInit.o [1]
  .bss               zero     0x1fff'b0fc     0x2  SystemInit.o [1]
  .bss               zero     0x1fff'b0fe     0x2  SystemInit.o [1]
  .bss               zero     0x1fff'b100     0x2  SystemInit.o [1]
  .bss               zero     0x1fff'b102     0x1  ImageDeal.o [1]
  .bss               zero     0x1fff'b103     0x1  main.o [1]
  .bss               zero     0x1fff'b104     0x1  SEEKFREE_MT9V032.o [1]
  .bss               zero     0x1fff'b105     0x1  SEEKFREE_MT9V032.o [1]
                            - 0x1fff'b106  0xb076

"P3", part 3 of 3:                         0x2000
  CSTACK                      0x1fff'b108  0x2000  <Block>
    CSTACK           uninit   0x1fff'b108  0x2000  <Block tail>
                            - 0x1fff'd108  0x2000

Unused ranges:

         From           To      Size
         ----           --      ----
       0x2f24     0x7'ffff  0x7'd0dc
  0x1fff'd108  0x1fff'ffff    0x2ef8
  0x2000'0000  0x2000'ffff  0x1'0000


*******************************************************************************
*** INIT TABLE
***

          Address      Size
          -------      ----
Zero (__iar_zero_init3)
    1 destination range, total size 0xb076:
          0x1fff'0090  0xb076

Copy (__iar_copy_init3)
    1 source range, total size 0x90:
               0x2e94    0x90
    1 destination range, total size 0x90:
          0x1fff'0000    0x90



*******************************************************************************
*** MODULE SUMMARY
***

    Module              ro code  ro data  rw data
    ------              -------  -------  -------
command line/config:
    ---------------------------------------------
    Total:

G:\比赛\恩智浦\14信标\正式比赛\最终版本\Projecct\IAR\program\MK60DN_Debug\Obj: [1]
    ImageDeal.o           1 040       10   22 593
    MK60_adc.o              512
    MK60_dma.o              520
    MK60_ftm.o              804       12        8
    MK60_gpio.o             476       40
    MK60_pit.o              104
    MK60_port.o             228       40
    MK60_spi.o            1 188       80       12
    MK60_systick.o           80
    MK60_uart.o             720       24       24
    SEEKFREE_18TFT.o      1 034
    SEEKFREE_MT9V032.o      660       69   22 635
    SystemInit.o          1 248        7       21
    common.o                112       12       12
    isr.o                   296                 2
    led.o                   136        4        4
    main.o                  164        6        7
    startup_MK60D10.o     1 488
    system_MK60.o           250
    ---------------------------------------------
    Total:               11 060      304   45 318

dl7M_tlf.a: [2]
    abs.o                     8
    exit.o                    4
    low_level_init.o          4
    ---------------------------------------------
    Total:                   16

m7M_tl.a: [3]
    FltMul.o                216
    FltToS32.o               42
    S32ToFlt.o               36
    ---------------------------------------------
    Total:                  294

rt7M_tl.a: [4]
    ABImemcpy.o             134
    cexit.o                  10
    cmain.o                  30
    copy_init3.o             44
    cstartup_M.o             12
    data_init.o              40
    zero_init3.o             58
    ---------------------------------------------
    Total:                  328

shb_l.a: [5]
    exit.o                   20
    ---------------------------------------------
    Total:                   20

    Gaps                     10
    Linker created                    36    8 192
-------------------------------------------------
    Grand Total:         11 728      340   53 510


*******************************************************************************
*** ENTRY LIST
***

Entry                       Address    Size  Type      Object
-----                       -------    ----  ----      ------
.iar.init_table$$Base        0x2bfc           --   Gb  - Linker created -
.iar.init_table$$Limit       0x2c20           --   Gb  - Linker created -
?main                        0x2c21          Code  Gb  cmain.o [4]
ADdata1                 0x1fff'0090  0x5820  Data  Gb  ImageDeal.o [1]
Binaryzation                 0x2369    0x6a  Code  Gb  ImageDeal.o [1]
CSTACK$$Base            0x1fff'b108           --   Gb  - Linker created -
CSTACK$$Limit           0x1fff'd108           --   Gb  - Linker created -
DMA0_IRQHandler              0x28b9    0x12  Code  Gb  isr.o [1]
Dir_Mid                 0x1fff'b0e8     0x2  Data  Gb  ImageDeal.o [1]
Disable_Wdog                 0x29c9    0x18  Code  Gb  system_MK60.o [1]
Distance                0x1fff'b0ea     0x2  Data  Gb  ImageDeal.o [1]
FTMX                         0x2cc8     0xc  Data  Lc  MK60_ftm.o [1]
FTM_port_mux                  0xc21   0x110  Code  Gb  MK60_ftm.o [1]
GET_CFG                 0x1fff'0024    0x20  Data  Gb  SEEKFREE_MT9V032.o [1]
GPIOX                        0x2c7c    0x14  Data  Lc  MK60_gpio.o [1]
GPIOX                        0x2ca4    0x14  Data  Lc  MK60_port.o [1]
Infra_redL              0x1fff'0082     0x2  Data  Gb  main.o [1]
Infra_redM              0x1fff'0086     0x2  Data  Gb  main.o [1]
Infra_redR              0x1fff'0084     0x2  Data  Gb  main.o [1]
LCD_WriteData_16Bit          0x125b    0x42  Code  Gb  SEEKFREE_18TFT.o [1]
LED_PTxn                0x1fff'0074     0x4  Data  Gb  led.o [1]
Lcd_SetRegion                0x129d    0x56  Code  Gb  SEEKFREE_18TFT.o [1]
Lcd_WriteData                0x123d    0x1e  Code  Gb  SEEKFREE_18TFT.o [1]
Lcd_WriteIndex               0x121f    0x1e  Code  Gb  SEEKFREE_18TFT.o [1]
MIDX                    0x1fff'b0e0     0x2  Data  Gb  ImageDeal.o [1]
MIDY                    0x1fff'b0e2     0x2  Data  Gb  ImageDeal.o [1]
MT9V032_CFG             0x1fff'0000    0x24  Data  Gb  SEEKFREE_MT9V032.o [1]
MotorSpeed1                  0x25bb    0x5c  Code  Gb  ImageDeal.o [1]
MotorSpeed2                  0x2617    0x5c  Code  Gb  ImageDeal.o [1]
MotorSpeed3                  0x2673    0x5c  Code  Gb  ImageDeal.o [1]
MotorSpeed4                  0x26cf    0x5c  Code  Gb  ImageDeal.o [1]
NMI_Handler                  0x2ac1     0x2  Code  Gb  system_MK60.o [1]
NVIC_DisableIRQ              0x1671    0x16  Code  Lc  SEEKFREE_MT9V032.o [1]
NVIC_EnableIRQ                0xf45    0x18  Code  Lc  MK60_uart.o [1]
NVIC_EnableIRQ               0x1659    0x18  Code  Lc  SEEKFREE_MT9V032.o [1]
NVIC_EnableIRQ                0x411    0x18  Code  Lc  SystemInit.o [1]
NVIC_SetPriority             0x1687    0x2c  Code  Lc  SEEKFREE_MT9V032.o [1]
NVIC_SetPriority              0x429    0x30  Code  Lc  SystemInit.o [1]
NewPWMValue             0x1fff'b0f0     0x2  Data  Gb  ImageDeal.o [1]
PIT0_IRQHandler              0x28cb    0xc4  Code  Gb  isr.o [1]
PORTA_IRQHandler             0x28a1     0xa  Code  Gb  isr.o [1]
PORTC_IRQHandler             0x28ab     0xe  Code  Gb  isr.o [1]
PORTX                        0x2c68    0x14  Data  Lc  MK60_gpio.o [1]
PORTX                        0x2c90    0x14  Data  Lc  MK60_port.o [1]
PWM_P                   0x1fff'b0d8     0x4  Data  Gb  ImageDeal.o [1]
Region$$Table$$Base          0x2bfc           --   Gb  - Linker created -
Region$$Table$$Limit         0x2c20           --   Gb  - Linker created -
SPIN                    0x1fff'005c     0xc  Data  Gb  MK60_spi.o [1]
SYSTEM_CLK                   0x29f5    0x7c  Code  Gb  system_MK60.o [1]
SeekSpeedL              0x1fff'007a     0x2  Data  Gb  ImageDeal.o [1]
SeekSpeedLL             0x1fff'007e     0x2  Data  Gb  ImageDeal.o [1]
SeekSpeedR              0x1fff'007c     0x2  Data  Gb  ImageDeal.o [1]
SeekSpeedRR             0x1fff'0080     0x2  Data  Gb  ImageDeal.o [1]
Start                        0x2a71    0x20  Code  Gb  system_MK60.o [1]
Steer_Mid               0x1fff'0078     0x2  Data  Gb  ImageDeal.o [1]
Steering_Engine_PWM          0x2519    0xa2  Code  Gb  ImageDeal.o [1]
Switch                        0x607   0x28e  Code  Gb  SystemInit.o [1]
SystemInit                    0x459   0x17a  Code  Gb  SystemInit.o [1]
UART3_RX_TX_IRQHandler       0x298f    0x12  Code  Gb  isr.o [1]
UltrasonicInit                0x5d3    0x34  Code  Gb  SystemInit.o [1]
VSYNC                        0x1885    0x18  Code  Gb  SEEKFREE_MT9V032.o [1]
__Vectors                       0x0           --   Gb  startup_MK60D10.o [1]
__Vectors_End                 0x400          Data  Gb  startup_MK60D10.o [1]
__Vectors_Size {Abs}          0x400           --   Gb  startup_MK60D10.o [1]
__aeabi_f2iz                 0x2875          Code  Gb  FltToS32.o [3]
__aeabi_fmul                 0x279d          Code  Gb  FltMul.o [3]
__aeabi_i2f                  0x2779          Code  Gb  S32ToFlt.o [3]
__aeabi_memcpy4              0x22d9          Code  Gb  ABImemcpy.o [4]
__aeabi_memcpy8              0x22d9          Code  Gb  ABImemcpy.o [4]
__cmain                      0x2c21          Code  Gb  cmain.o [4]
__exit                       0x2c55    0x14  Code  Gb  exit.o [5]
__iar_copy_init3             0x2ba9    0x2c  Code  Gb  copy_init3.o [4]
__iar_data_init3             0x2bd5    0x28  Code  Gb  data_init.o [4]
__iar_program_start          0x2cd5          Code  Gb  cstartup_M.o [4]
__iar_zero_init3             0x161f    0x3a  Code  Gb  zero_init3.o [4]
__low_level_init             0x2c3f     0x4  Code  Gb  low_level_init.o [2]
__vector_table                  0x0          Data  Gb  startup_MK60D10.o [1]
_call_main                   0x2c2d          Code  Gb  cmain.o [4]
_exit                        0x2c49          Code  Gb  cexit.o [4]
_main                        0x2c3b          Code  Gb  cmain.o [4]
abs                          0x235f     0x8  Code  Gb  abs.o [2]
adc_init                     0x19dd   0x1f2  Code  Gb  MK60_adc.o [1]
begin_beacon            0x1fff'b0ee     0x2  Data  Gb  ImageDeal.o [1]
bus_clk_mhz             0x1fff'0070     0x4  Data  Gb  common.o [1]
camera_init                  0x179b    0xea  Code  Gb  SEEKFREE_MT9V032.o [1]
core_clk_mhz            0x1fff'006c     0x4  Data  Gb  common.o [1]
count_beacon            0x1fff'b0ec     0x2  Data  Gb  ImageDeal.o [1]
displayimage032              0x1599    0x86  Code  Gb  SEEKFREE_18TFT.o [1]
div_set                      0x29e1    0x14  Code  Gb  system_MK60.o [1]
dma_portx2buff_init          0x20d1   0x208  Code  Gb  MK60_dma.o [1]
dma_repeat                   0x16b3    0x50  Code  Lc  SEEKFREE_MT9V032.o [1]
dsp_single_colour            0x12f3    0x38  Code  Gb  SEEKFREE_18TFT.o [1]
exit                         0x2c43     0x4  Code  Gb  exit.o [2]
find                         0x23d3   0x146  Code  Gb  ImageDeal.o [1]
flag_beacon             0x1fff'b102     0x1  Data  Gb  ImageDeal.o [1]
flag_steer              0x1fff'b0f2     0x2  Data  Gb  isr.o [1]
ftm_pwm_duty                  0xeaf    0x7e  Code  Gb  MK60_ftm.o [1]
ftm_pwm_init                  0xd31   0x17e  Code  Gb  MK60_ftm.o [1]
get_clk                       0x8f1    0x70  Code  Gb  common.o [1]
get_config                   0x173d    0x5e  Code  Gb  SEEKFREE_MT9V032.o [1]
gpio_get                      0xa91    0x32  Code  Gb  MK60_gpio.o [1]
gpio_init                     0x961   0x130  Code  Gb  MK60_gpio.o [1]
gpio_set                      0xac3    0x6c  Code  Gb  MK60_gpio.o [1]
i                       0x1fff'b0e4     0x2  Data  Gb  ImageDeal.o [1]
image                   0x1fff'58b0  0x5820  Data  Gb  SEEKFREE_MT9V032.o [1]
j                       0x1fff'b0e6     0x2  Data  Gb  ImageDeal.o [1]
lcd_init                     0x132b   0x264  Code  Gb  SEEKFREE_18TFT.o [1]
led                          0x192d    0x42  Code  Gb  led.o [1]
led_init                     0x18ed    0x40  Code  Gb  led.o [1]
main                         0x2ac5    0xa4  Code  Gb  main.o [1]
mcgout_clk_mhz          0x1fff'0068     0x4  Data  Gb  common.o [1]
mt9v032_cof_uart_interrupt
                             0x1703    0x3a  Code  Gb  SEEKFREE_MT9V032.o [1]
mt9v032_finish_flag     0x1fff'b105     0x1  Data  Gb  SEEKFREE_MT9V032.o [1]
period                  0x1fff'b0d0     0x8  Data  Gb  MK60_ftm.o [1]
pit_init                     0x1975    0x5c  Code  Gb  MK60_pit.o [1]
port_init                     0xb3d    0x7a  Code  Gb  MK60_port.o [1]
port_init_NoAlt               0xbb7    0x5c  Code  Gb  MK60_port.o [1]
receive                 0x1fff'b0dc     0x4  Data  Gb  SEEKFREE_MT9V032.o [1]
receive_num             0x1fff'b104     0x1  Data  Gb  SEEKFREE_MT9V032.o [1]
row_finished                 0x189d     0x8  Code  Gb  SEEKFREE_MT9V032.o [1]
speed0                  0x1fff'b0f4     0x2  Data  Gb  SystemInit.o [1]
speed1                  0x1fff'b0f6     0x2  Data  Gb  SystemInit.o [1]
speed2                  0x1fff'b0f8     0x2  Data  Gb  SystemInit.o [1]
speed3                  0x1fff'b0fa     0x2  Data  Gb  SystemInit.o [1]
speed4                  0x1fff'b0fc     0x2  Data  Gb  SystemInit.o [1]
speed5                  0x1fff'b0fe     0x2  Data  Gb  SystemInit.o [1]
speed6                  0x1fff'b100     0x2  Data  Gb  SystemInit.o [1]
spi_init                     0x1bdd   0x34e  Code  Gb  MK60_spi.o [1]
spi_mosi                     0x1f2b   0x132  Code  Gb  MK60_spi.o [1]
status1                 0x1fff'b103     0x1  Data  Gb  main.o [1]
status2                 0x1fff'0089     0x1  Data  Gb  SystemInit.o [1]
status3                 0x1fff'008a     0x1  Data  Gb  SystemInit.o [1]
status4                 0x1fff'008b     0x1  Data  Gb  SystemInit.o [1]
status5                 0x1fff'008c     0x1  Data  Gb  SystemInit.o [1]
status6                 0x1fff'008d     0x1  Data  Gb  SystemInit.o [1]
status7                 0x1fff'008e     0x1  Data  Gb  SystemInit.o [1]
status8                 0x1fff'008f     0x1  Data  Gb  SystemInit.o [1]
systick_delay                0x2081    0x20  Code  Gb  MK60_systick.o [1]
systick_delay_ms             0x20a1    0x1e  Code  Gb  MK60_systick.o [1]
tft_delay                    0x1215     0xa  Code  Gb  SEEKFREE_18TFT.o [1]
uart                    0x1fff'0044    0x18  Data  Gb  MK60_uart.o [1]
uart_getchar                 0x11ab    0x1e  Code  Gb  MK60_uart.o [1]
uart_init                     0xf5d   0x212  Code  Gb  MK60_uart.o [1]
uart_putbuff                 0x118b    0x20  Code  Gb  MK60_uart.o [1]
uart_putchar                 0x116f    0x1c  Code  Gb  MK60_uart.o [1]
uart_receive_flag       0x1fff'0088     0x1  Data  Gb  SEEKFREE_MT9V032.o [1]
uart_rx_irq_en               0x11c9    0x2e  Code  Gb  MK60_uart.o [1]


[1] = G:\比赛\恩智浦\14信标\正式比赛\最终版本\Projecct\IAR\program\MK60DN_Debug\Obj
[2] = dl7M_tlf.a
[3] = m7M_tl.a
[4] = rt7M_tl.a
[5] = shb_l.a

  11 728 bytes of readonly  code memory
     340 bytes of readonly  data memory
  53 510 bytes of readwrite data memory

Errors: none
Warnings: none
