###############################################################################
#
# IAR ELF Linker V7.80.4.12462/W32 for ARM                22/Sep/2018  15:39:03
# Copyright 2007-2017 IAR Systems AB.
#
#    Output file  =  
#        E:\Competition\飞卡\2018.7\cx\信标7.18\曲师信标二队比赛程序\新建文件夹\2018信标C1车\Projecct\IAR\program\MK60FX_Debug\Exe\SeekFree_Kinetis.out
#    Map file     =  
#        E:\Competition\飞卡\2018.7\cx\信标7.18\曲师信标二队比赛程序\新建文件夹\2018信标C1车\Projecct\IAR\program\MK60FX_Debug\List\SeekFree_Kinetis.map
#    Command line =  
#        E:\Competition\飞卡\2018.7\cx\信标7.18\曲师信标二队比赛程序\新建文件夹\2018信标C1车\Projecct\IAR\program\MK60FX_Debug\Obj\common.o
#        E:\Competition\飞卡\2018.7\cx\信标7.18\曲师信标二队比赛程序\新建文件夹\2018信标C1车\Projecct\IAR\program\MK60FX_Debug\Obj\control.o
#        E:\Competition\飞卡\2018.7\cx\信标7.18\曲师信标二队比赛程序\新建文件夹\2018信标C1车\Projecct\IAR\program\MK60FX_Debug\Obj\diskio.o
#        E:\Competition\飞卡\2018.7\cx\信标7.18\曲师信标二队比赛程序\新建文件夹\2018信标C1车\Projecct\IAR\program\MK60FX_Debug\Obj\ff.o
#        E:\Competition\飞卡\2018.7\cx\信标7.18\曲师信标二队比赛程序\新建文件夹\2018信标C1车\Projecct\IAR\program\MK60FX_Debug\Obj\font.o
#        E:\Competition\飞卡\2018.7\cx\信标7.18\曲师信标二队比赛程序\新建文件夹\2018信标C1车\Projecct\IAR\program\MK60FX_Debug\Obj\ImageDeal.o
#        E:\Competition\飞卡\2018.7\cx\信标7.18\曲师信标二队比赛程序\新建文件夹\2018信标C1车\Projecct\IAR\program\MK60FX_Debug\Obj\isr.o
#        E:\Competition\飞卡\2018.7\cx\信标7.18\曲师信标二队比赛程序\新建文件夹\2018信标C1车\Projecct\IAR\program\MK60FX_Debug\Obj\LCD.o
#        E:\Competition\飞卡\2018.7\cx\信标7.18\曲师信标二队比赛程序\新建文件夹\2018信标C1车\Projecct\IAR\program\MK60FX_Debug\Obj\led.o
#        E:\Competition\飞卡\2018.7\cx\信标7.18\曲师信标二队比赛程序\新建文件夹\2018信标C1车\Projecct\IAR\program\MK60FX_Debug\Obj\main.o
#        E:\Competition\飞卡\2018.7\cx\信标7.18\曲师信标二队比赛程序\新建文件夹\2018信标C1车\Projecct\IAR\program\MK60FX_Debug\Obj\misc.o
#        E:\Competition\飞卡\2018.7\cx\信标7.18\曲师信标二队比赛程序\新建文件夹\2018信标C1车\Projecct\IAR\program\MK60FX_Debug\Obj\MK60_adc.o
#        E:\Competition\飞卡\2018.7\cx\信标7.18\曲师信标二队比赛程序\新建文件夹\2018信标C1车\Projecct\IAR\program\MK60FX_Debug\Obj\MK60_cmt.o
#        E:\Competition\飞卡\2018.7\cx\信标7.18\曲师信标二队比赛程序\新建文件夹\2018信标C1车\Projecct\IAR\program\MK60FX_Debug\Obj\MK60_dac.o
#        E:\Competition\飞卡\2018.7\cx\信标7.18\曲师信标二队比赛程序\新建文件夹\2018信标C1车\Projecct\IAR\program\MK60FX_Debug\Obj\MK60_dma.o
#        E:\Competition\飞卡\2018.7\cx\信标7.18\曲师信标二队比赛程序\新建文件夹\2018信标C1车\Projecct\IAR\program\MK60FX_Debug\Obj\MK60_flash.o
#        E:\Competition\飞卡\2018.7\cx\信标7.18\曲师信标二队比赛程序\新建文件夹\2018信标C1车\Projecct\IAR\program\MK60FX_Debug\Obj\MK60_ftm.o
#        E:\Competition\飞卡\2018.7\cx\信标7.18\曲师信标二队比赛程序\新建文件夹\2018信标C1车\Projecct\IAR\program\MK60FX_Debug\Obj\MK60_gpio.o
#        E:\Competition\飞卡\2018.7\cx\信标7.18\曲师信标二队比赛程序\新建文件夹\2018信标C1车\Projecct\IAR\program\MK60FX_Debug\Obj\MK60_i2c.o
#        E:\Competition\飞卡\2018.7\cx\信标7.18\曲师信标二队比赛程序\新建文件夹\2018信标C1车\Projecct\IAR\program\MK60FX_Debug\Obj\MK60_lptmr.o
#        E:\Competition\飞卡\2018.7\cx\信标7.18\曲师信标二队比赛程序\新建文件夹\2018信标C1车\Projecct\IAR\program\MK60FX_Debug\Obj\MK60_pit.o
#        E:\Competition\飞卡\2018.7\cx\信标7.18\曲师信标二队比赛程序\新建文件夹\2018信标C1车\Projecct\IAR\program\MK60FX_Debug\Obj\MK60_port.o
#        E:\Competition\飞卡\2018.7\cx\信标7.18\曲师信标二队比赛程序\新建文件夹\2018信标C1车\Projecct\IAR\program\MK60FX_Debug\Obj\MK60_rtc.o
#        E:\Competition\飞卡\2018.7\cx\信标7.18\曲师信标二队比赛程序\新建文件夹\2018信标C1车\Projecct\IAR\program\MK60FX_Debug\Obj\MK60_sdhc.o
#        E:\Competition\飞卡\2018.7\cx\信标7.18\曲师信标二队比赛程序\新建文件夹\2018信标C1车\Projecct\IAR\program\MK60FX_Debug\Obj\MK60_spi.o
#        E:\Competition\飞卡\2018.7\cx\信标7.18\曲师信标二队比赛程序\新建文件夹\2018信标C1车\Projecct\IAR\program\MK60FX_Debug\Obj\MK60_systick.o
#        E:\Competition\飞卡\2018.7\cx\信标7.18\曲师信标二队比赛程序\新建文件夹\2018信标C1车\Projecct\IAR\program\MK60FX_Debug\Obj\MK60_uart.o
#        E:\Competition\飞卡\2018.7\cx\信标7.18\曲师信标二队比赛程序\新建文件夹\2018信标C1车\Projecct\IAR\program\MK60FX_Debug\Obj\MK60_wdog.o
#        E:\Competition\飞卡\2018.7\cx\信标7.18\曲师信标二队比赛程序\新建文件夹\2018信标C1车\Projecct\IAR\program\MK60FX_Debug\Obj\SEEKFREE_18TFT.o
#        E:\Competition\飞卡\2018.7\cx\信标7.18\曲师信标二队比赛程序\新建文件夹\2018信标C1车\Projecct\IAR\program\MK60FX_Debug\Obj\SEEKFREE_7725.o
#        E:\Competition\飞卡\2018.7\cx\信标7.18\曲师信标二队比赛程序\新建文件夹\2018信标C1车\Projecct\IAR\program\MK60FX_Debug\Obj\SEEKFREE_FUN.o
#        E:\Competition\飞卡\2018.7\cx\信标7.18\曲师信标二队比赛程序\新建文件夹\2018信标C1车\Projecct\IAR\program\MK60FX_Debug\Obj\SEEKFREE_IIC.o
#        E:\Competition\飞卡\2018.7\cx\信标7.18\曲师信标二队比赛程序\新建文件夹\2018信标C1车\Projecct\IAR\program\MK60FX_Debug\Obj\SEEKFREE_L3G4200D.o
#        E:\Competition\飞卡\2018.7\cx\信标7.18\曲师信标二队比赛程序\新建文件夹\2018信标C1车\Projecct\IAR\program\MK60FX_Debug\Obj\SEEKFREE_MMA8451.o
#        E:\Competition\飞卡\2018.7\cx\信标7.18\曲师信标二队比赛程序\新建文件夹\2018信标C1车\Projecct\IAR\program\MK60FX_Debug\Obj\SEEKFREE_MPU6050.o
#        E:\Competition\飞卡\2018.7\cx\信标7.18\曲师信标二队比赛程序\新建文件夹\2018信标C1车\Projecct\IAR\program\MK60FX_Debug\Obj\SEEKFREE_MT9V032.o
#        E:\Competition\飞卡\2018.7\cx\信标7.18\曲师信标二队比赛程序\新建文件夹\2018信标C1车\Projecct\IAR\program\MK60FX_Debug\Obj\SEEKFREE_NRF24L01.o
#        E:\Competition\飞卡\2018.7\cx\信标7.18\曲师信标二队比赛程序\新建文件夹\2018信标C1车\Projecct\IAR\program\MK60FX_Debug\Obj\SEEKFREE_OLED.o
#        E:\Competition\飞卡\2018.7\cx\信标7.18\曲师信标二队比赛程序\新建文件夹\2018信标C1车\Projecct\IAR\program\MK60FX_Debug\Obj\SEEKFREE_TSL1401.o
#        E:\Competition\飞卡\2018.7\cx\信标7.18\曲师信标二队比赛程序\新建文件夹\2018信标C1车\Projecct\IAR\program\MK60FX_Debug\Obj\startup_MK60F15.o
#        E:\Competition\飞卡\2018.7\cx\信标7.18\曲师信标二队比赛程序\新建文件夹\2018信标C1车\Projecct\IAR\program\MK60FX_Debug\Obj\system_MK60.o
#        E:\Competition\飞卡\2018.7\cx\信标7.18\曲师信标二队比赛程序\新建文件夹\2018信标C1车\Projecct\IAR\program\MK60FX_Debug\Obj\SystemInit.o
#        -o
#        E:\Competition\飞卡\2018.7\cx\信标7.18\曲师信标二队比赛程序\新建文件夹\2018信标C1车\Projecct\IAR\program\MK60FX_Debug\Exe\SeekFree_Kinetis.out
#        --map
#        E:\Competition\飞卡\2018.7\cx\信标7.18\曲师信标二队比赛程序\新建文件夹\2018信标C1车\Projecct\IAR\program\MK60FX_Debug\List\SeekFree_Kinetis.map
#        --config D:\IAR7.8\arm\config\linker\NXP\MK60xX512_15.icf
#        --semihosting --entry __iar_program_start --vfe
#
###############################################################################

*******************************************************************************
*** RUNTIME MODEL ATTRIBUTES
***

CppFlavor       = *
__Heap_Handler  = DLMalloc
__SystemLibrary = DLib


*******************************************************************************
*** PLACEMENT SUMMARY
***

"A0":  place at 0x00000000 { ro section .intvec };
"P2":  place in [from 0x00000000 to 0x000003ff] |
                [from 0x00000410 to 0x0007ffff] |
                [from 0x10000000 to 0x1007ffff] { ro };
"P3":  place in [from 0x1fff0000 to 0x1fffffff repeat 2] {
          rw, block CSTACK, block HEAP };
initialize by copy { rw };

  Section            Kind        Address    Size  Object
  -------            ----        -------    ----  ------
"A0":                                      0x410
  .intvec            ro code  0x00000000   0x410  startup_MK60F15.o [1]
                            - 0x00000410   0x410

"P2":                                     0x27dc
  .text              ro code  0x00000410   0x474  MK60_spi.o [1]
  .text              ro code  0x00000884    0x56  ABImemcpy_unaligned.o [5]
  .text              ro code  0x000008dc    0xec  MK60_port.o [1]
  .text              ro code  0x000009c8    0x78  common.o [1]
  .text              ro code  0x00000a40     0x8  abs.o [3]
  .text              ro code  0x00000a48   0x2cc  MK60_uart.o [1]
  .text              ro code  0x00000d14   0x448  SystemInit.o [1]
  .text              ro code  0x0000115c   0x1d4  MK60_gpio.o [1]
  .text              ro code  0x00001330   0x2fc  MK60_ftm.o [1]
  .text              ro code  0x0000162c   0x402  SEEKFREE_18TFT.o [1]
  .text              ro code  0x00001a30   0x2c4  SEEKFREE_MT9V032.o [1]
  .text              ro code  0x00001cf4    0x7c  led.o [1]
  .text              ro code  0x00001d70    0x68  MK60_pit.o [1]
  .text              ro code  0x00001dd8   0x20c  MK60_adc.o [1]
  .text              ro code  0x00001fe4    0x54  MK60_systick.o [1]
  .text              ro code  0x00002038   0x210  MK60_dma.o [1]
  .text              ro code  0x00002248   0x2ec  ImageDeal.o [1]
  .text              ro code  0x00002534   0x126  system_MK60.o [1]
  .text              ro code  0x0000265c    0xb0  main.o [1]
  .text              ro code  0x0000270c    0xac  isr.o [1]
  .rodata            const    0x000027b8    0x40  MK60_spi.o [1]
  .text              ro code  0x000027f8    0x40  zero_init3.o [5]
  .text              ro code  0x00002838    0x2c  copy_init3.o [5]
  .text              ro code  0x00002864    0x28  data_init.o [5]
  .text              ro code  0x0000288c    0x22  fpinit_M.o [4]
  .iar.init_table    const    0x000028b0    0x24  - Linker created -
  .text              ro code  0x000028d4    0x1a  cmain.o [5]
  .text              ro code  0x000028ee     0x4  low_level_init.o [3]
  .text              ro code  0x000028f2     0x4  exit.o [3]
  .text              ro code  0x000028f8     0xa  cexit.o [5]
  .text              ro code  0x00002904    0x14  exit.o [6]
  .rodata            const    0x00002918    0x18  MK60_gpio.o [1]
  .rodata            const    0x00002930    0x18  MK60_gpio.o [1]
  .rodata            const    0x00002948    0x18  MK60_port.o [1]
  .rodata            const    0x00002960    0x18  MK60_port.o [1]
  .rodata            const    0x00002978    0x10  MK60_ftm.o [1]
  .text              ro code  0x00002988    0x10  startup_MK60F15.o [1]
  .text              ro code  0x00002998     0xc  cstartup_M.o [5]
  .rodata            const    0x000029a4     0x4  MK60_spi.o [1]
  .text              ro code  0x000029a8     0x4  startup_MK60F15.o [1]
  .text              ro code  0x000029ac     0x4  startup_MK60F15.o [1]
  .text              ro code  0x000029b0     0x4  startup_MK60F15.o [1]
  .text              ro code  0x000029b4     0x4  startup_MK60F15.o [1]
  .text              ro code  0x000029b8     0x4  startup_MK60F15.o [1]
  .text              ro code  0x000029bc     0x4  startup_MK60F15.o [1]
  .text              ro code  0x000029c0     0x4  startup_MK60F15.o [1]
  .text              ro code  0x000029c4     0x4  startup_MK60F15.o [1]
  .text              ro code  0x000029c8     0x4  startup_MK60F15.o [1]
  .text              ro code  0x000029cc     0x4  startup_MK60F15.o [1]
  .text              ro code  0x000029d0     0x4  startup_MK60F15.o [1]
  .text              ro code  0x000029d4     0x4  startup_MK60F15.o [1]
  .text              ro code  0x000029d8     0x4  startup_MK60F15.o [1]
  .text              ro code  0x000029dc     0x4  startup_MK60F15.o [1]
  .text              ro code  0x000029e0     0x4  startup_MK60F15.o [1]
  .text              ro code  0x000029e4     0x4  startup_MK60F15.o [1]
  .text              ro code  0x000029e8     0x4  startup_MK60F15.o [1]
  .text              ro code  0x000029ec     0x4  startup_MK60F15.o [1]
  .text              ro code  0x000029f0     0x4  startup_MK60F15.o [1]
  .text              ro code  0x000029f4     0x4  startup_MK60F15.o [1]
  .text              ro code  0x000029f8     0x4  startup_MK60F15.o [1]
  .text              ro code  0x000029fc     0x4  startup_MK60F15.o [1]
  .text              ro code  0x00002a00     0x4  startup_MK60F15.o [1]
  .text              ro code  0x00002a04     0x4  startup_MK60F15.o [1]
  .text              ro code  0x00002a08     0x4  startup_MK60F15.o [1]
  .text              ro code  0x00002a0c     0x4  startup_MK60F15.o [1]
  .text              ro code  0x00002a10     0x4  startup_MK60F15.o [1]
  .text              ro code  0x00002a14     0x4  startup_MK60F15.o [1]
  .text              ro code  0x00002a18     0x4  startup_MK60F15.o [1]
  .text              ro code  0x00002a1c     0x4  startup_MK60F15.o [1]
  .text              ro code  0x00002a20     0x4  startup_MK60F15.o [1]
  .text              ro code  0x00002a24     0x4  startup_MK60F15.o [1]
  .text              ro code  0x00002a28     0x4  startup_MK60F15.o [1]
  .text              ro code  0x00002a2c     0x4  startup_MK60F15.o [1]
  .text              ro code  0x00002a30     0x4  startup_MK60F15.o [1]
  .text              ro code  0x00002a34     0x4  startup_MK60F15.o [1]
  .text              ro code  0x00002a38     0x4  startup_MK60F15.o [1]
  .text              ro code  0x00002a3c     0x4  startup_MK60F15.o [1]
  .text              ro code  0x00002a40     0x4  startup_MK60F15.o [1]
  .text              ro code  0x00002a44     0x4  startup_MK60F15.o [1]
  .text              ro code  0x00002a48     0x4  startup_MK60F15.o [1]
  .text              ro code  0x00002a4c     0x4  startup_MK60F15.o [1]
  .text              ro code  0x00002a50     0x4  startup_MK60F15.o [1]
  .text              ro code  0x00002a54     0x4  startup_MK60F15.o [1]
  .text              ro code  0x00002a58     0x4  startup_MK60F15.o [1]
  .text              ro code  0x00002a5c     0x4  startup_MK60F15.o [1]
  .text              ro code  0x00002a60     0x4  startup_MK60F15.o [1]
  .text              ro code  0x00002a64     0x4  startup_MK60F15.o [1]
  .text              ro code  0x00002a68     0x4  startup_MK60F15.o [1]
  .text              ro code  0x00002a6c     0x4  startup_MK60F15.o [1]
  .text              ro code  0x00002a70     0x4  startup_MK60F15.o [1]
  .text              ro code  0x00002a74     0x4  startup_MK60F15.o [1]
  .text              ro code  0x00002a78     0x4  startup_MK60F15.o [1]
  .text              ro code  0x00002a7c     0x4  startup_MK60F15.o [1]
  .text              ro code  0x00002a80     0x4  startup_MK60F15.o [1]
  .text              ro code  0x00002a84     0x4  startup_MK60F15.o [1]
  .text              ro code  0x00002a88     0x4  startup_MK60F15.o [1]
  .text              ro code  0x00002a8c     0x4  startup_MK60F15.o [1]
  .text              ro code  0x00002a90     0x4  startup_MK60F15.o [1]
  .text              ro code  0x00002a94     0x4  startup_MK60F15.o [1]
  .text              ro code  0x00002a98     0x4  startup_MK60F15.o [1]
  .text              ro code  0x00002a9c     0x4  startup_MK60F15.o [1]
  .text              ro code  0x00002aa0     0x4  startup_MK60F15.o [1]
  .text              ro code  0x00002aa4     0x4  startup_MK60F15.o [1]
  .text              ro code  0x00002aa8     0x4  startup_MK60F15.o [1]
  .text              ro code  0x00002aac     0x4  startup_MK60F15.o [1]
  .text              ro code  0x00002ab0     0x4  startup_MK60F15.o [1]
  .text              ro code  0x00002ab4     0x4  startup_MK60F15.o [1]
  .text              ro code  0x00002ab8     0x4  startup_MK60F15.o [1]
  .text              ro code  0x00002abc     0x4  startup_MK60F15.o [1]
  .text              ro code  0x00002ac0     0x4  startup_MK60F15.o [1]
  .text              ro code  0x00002ac4     0x4  startup_MK60F15.o [1]
  .text              ro code  0x00002ac8     0x4  startup_MK60F15.o [1]
  .text              ro code  0x00002acc     0x4  startup_MK60F15.o [1]
  .text              ro code  0x00002ad0     0x4  startup_MK60F15.o [1]
  .text              ro code  0x00002ad4     0x4  startup_MK60F15.o [1]
  .text              ro code  0x00002ad8     0x4  startup_MK60F15.o [1]
  .text              ro code  0x00002adc     0x4  startup_MK60F15.o [1]
  .text              ro code  0x00002ae0     0x4  startup_MK60F15.o [1]
  .text              ro code  0x00002ae4     0x4  startup_MK60F15.o [1]
  .text              ro code  0x00002ae8     0x4  startup_MK60F15.o [1]
  .text              ro code  0x00002aec     0x4  startup_MK60F15.o [1]
  .text              ro code  0x00002af0     0x4  startup_MK60F15.o [1]
  .text              ro code  0x00002af4     0x4  startup_MK60F15.o [1]
  .text              ro code  0x00002af8     0x4  startup_MK60F15.o [1]
  .text              ro code  0x00002afc     0x4  startup_MK60F15.o [1]
  .text              ro code  0x00002b00     0x4  startup_MK60F15.o [1]
  .text              ro code  0x00002b04     0x4  startup_MK60F15.o [1]
  .text              ro code  0x00002b08     0x4  startup_MK60F15.o [1]
  .text              ro code  0x00002b0c     0x4  startup_MK60F15.o [1]
  .text              ro code  0x00002b10     0x4  startup_MK60F15.o [1]
  .text              ro code  0x00002b14     0x4  startup_MK60F15.o [1]
  .text              ro code  0x00002b18     0x4  startup_MK60F15.o [1]
  .text              ro code  0x00002b1c     0x4  startup_MK60F15.o [1]
  .text              ro code  0x00002b20     0x4  startup_MK60F15.o [1]
  .text              ro code  0x00002b24     0x4  startup_MK60F15.o [1]
  .text              ro code  0x00002b28     0x4  startup_MK60F15.o [1]
  .text              ro code  0x00002b2c     0x4  startup_MK60F15.o [1]
  .text              ro code  0x00002b30     0x4  startup_MK60F15.o [1]
  .text              ro code  0x00002b34     0x4  startup_MK60F15.o [1]
  .text              ro code  0x00002b38     0x4  startup_MK60F15.o [1]
  .text              ro code  0x00002b3c     0x4  startup_MK60F15.o [1]
  .text              ro code  0x00002b40     0x4  startup_MK60F15.o [1]
  .text              ro code  0x00002b44     0x4  startup_MK60F15.o [1]
  .text              ro code  0x00002b48     0x4  startup_MK60F15.o [1]
  .text              ro code  0x00002b4c     0x4  startup_MK60F15.o [1]
  .text              ro code  0x00002b50     0x4  startup_MK60F15.o [1]
  .text              ro code  0x00002b54     0x4  startup_MK60F15.o [1]
  .text              ro code  0x00002b58     0x4  startup_MK60F15.o [1]
  .text              ro code  0x00002b5c     0x4  startup_MK60F15.o [1]
  .rodata            const    0x00002b60     0x0  zero_init3.o [5]
  .rodata            const    0x00002b60     0x0  copy_init3.o [5]
  Initializer bytes  const    0x00002b60    0x8c  <for P3 s0>
                            - 0x00002bec  0x27dc

"P3", part 1 of 3:                          0x8c
  P3 s0                       0x1fff0000    0x8c  <Init block>
    .data            inited   0x1fff0000    0x24  SEEKFREE_MT9V032.o [1]
    .data            inited   0x1fff0024    0x20  SEEKFREE_MT9V032.o [1]
    .data            inited   0x1fff0044    0x18  MK60_uart.o [1]
    .data            inited   0x1fff005c     0xc  MK60_spi.o [1]
    .data            inited   0x1fff0068     0x4  common.o [1]
    .data            inited   0x1fff006c     0x4  common.o [1]
    .data            inited   0x1fff0070     0x4  common.o [1]
    .data            inited   0x1fff0074     0x4  led.o [1]
    .data            inited   0x1fff0078     0x2  ImageDeal.o [1]
    .data            inited   0x1fff007a     0x2  ImageDeal.o [1]
    .data            inited   0x1fff007c     0x2  ImageDeal.o [1]
    .data            inited   0x1fff007e     0x2  main.o [1]
    .data            inited   0x1fff0080     0x2  main.o [1]
    .data            inited   0x1fff0082     0x2  main.o [1]
    .data            inited   0x1fff0084     0x1  SEEKFREE_MT9V032.o [1]
    .data            inited   0x1fff0085     0x1  SystemInit.o [1]
    .data            inited   0x1fff0086     0x1  SystemInit.o [1]
    .data            inited   0x1fff0087     0x1  SystemInit.o [1]
    .data            inited   0x1fff0088     0x1  SystemInit.o [1]
    .data            inited   0x1fff0089     0x1  SystemInit.o [1]
    .data            inited   0x1fff008a     0x1  SystemInit.o [1]
    .data            inited   0x1fff008b     0x1  SystemInit.o [1]
                            - 0x1fff008c    0x8c

"P3", part 2 of 3:                        0xb07c
  .bss               zero     0x1fff008c  0x5820  ImageDeal.o [1]
  .bss               zero     0x1fff58ac  0x5820  SEEKFREE_MT9V032.o [1]
  .bss               zero     0x1fffb0cc     0x8  MK60_ftm.o [1]
  .bss               zero     0x1fffb0d4     0x4  ImageDeal.o [1]
  .bss               zero     0x1fffb0d8     0x4  SEEKFREE_MT9V032.o [1]
  .bss               zero     0x1fffb0dc     0x2  ImageDeal.o [1]
  .bss               zero     0x1fffb0de     0x2  ImageDeal.o [1]
  .bss               zero     0x1fffb0e0     0x2  ImageDeal.o [1]
  .bss               zero     0x1fffb0e2     0x2  ImageDeal.o [1]
  .bss               zero     0x1fffb0e4     0x2  ImageDeal.o [1]
  .bss               zero     0x1fffb0e6     0x2  ImageDeal.o [1]
  .bss               zero     0x1fffb0e8     0x2  ImageDeal.o [1]
  .bss               zero     0x1fffb0ea     0x2  ImageDeal.o [1]
  .bss               zero     0x1fffb0ec     0x2  ImageDeal.o [1]
  .bss               zero     0x1fffb0ee     0x2  ImageDeal.o [1]
  .bss               zero     0x1fffb0f0     0x2  ImageDeal.o [1]
  .bss               zero     0x1fffb0f2     0x2  ImageDeal.o [1]
  .bss               zero     0x1fffb0f4     0x2  ImageDeal.o [1]
  .bss               zero     0x1fffb0f6     0x2  SystemInit.o [1]
  .bss               zero     0x1fffb0f8     0x2  SystemInit.o [1]
  .bss               zero     0x1fffb0fa     0x2  SystemInit.o [1]
  .bss               zero     0x1fffb0fc     0x2  SystemInit.o [1]
  .bss               zero     0x1fffb0fe     0x2  SystemInit.o [1]
  .bss               zero     0x1fffb100     0x2  SystemInit.o [1]
  .bss               zero     0x1fffb102     0x2  SystemInit.o [1]
  .bss               zero     0x1fffb104     0x1  ImageDeal.o [1]
  .bss               zero     0x1fffb105     0x1  main.o [1]
  .bss               zero     0x1fffb106     0x1  SEEKFREE_MT9V032.o [1]
  .bss               zero     0x1fffb107     0x1  SEEKFREE_MT9V032.o [1]
                            - 0x1fffb108  0xb07c

"P3", part 3 of 3:                        0x2000
  CSTACK                      0x1fffb108  0x2000  <Block>
    CSTACK           uninit   0x1fffb108  0x2000  <Block tail>
                            - 0x1fffd108  0x2000


*******************************************************************************
*** INIT TABLE
***

          Address     Size
          -------     ----
Zero (__iar_zero_init3)
    1 destination range, total size 0xb07c:
          0x1fff008c  0xb07c

Copy (__iar_copy_init3)
    1 source range, total size 0x8c:
          0x00002b60    0x8c
    1 destination range, total size 0x8c:
          0x1fff0000    0x8c



*******************************************************************************
*** MODULE SUMMARY
***

    Module                 ro code  ro data  rw data
    ------                 -------  -------  -------
E:\Competition\飞卡\2018.7\cx\信标7.18\曲师信标二队比赛程序\新建文件夹\2018信标C1车\Projecct\IAR\program\MK60FX_Debug\Obj: [1]
    ImageDeal.o                748        6   22 597
    MK60_adc.o                 524
    MK60_dma.o                 528
    MK60_ftm.o                 764       16        8
    MK60_gpio.o                468       48
    MK60_pit.o                 104
    MK60_port.o                236       48
    MK60_spi.o               1 140       80       12
    MK60_systick.o              84
    MK60_uart.o                716       24       24
    SEEKFREE_18TFT.o         1 026
    SEEKFREE_MT9V032.o         708       69   22 635
    SystemInit.o             1 096        7       21
    common.o                   120       12       12
    isr.o                      172
    led.o                      124        4        4
    main.o                     176        6        7
    startup_MK60F15.o        1 496
    system_MK60.o              294
    ------------------------------------------------
    Total:                  10 524      320   45 320

command line: [2]
    ------------------------------------------------
    Total:

dl7M_tlf.a: [3]
    abs.o                        8
    exit.o                       4
    low_level_init.o             4
    ------------------------------------------------
    Total:                      16

m7M_tls.a: [4]
    fpinit_M.o                  34
    ------------------------------------------------
    Total:                      34

rt7M_tl.a: [5]
    ABImemcpy_unaligned.o       86
    cexit.o                     10
    cmain.o                     26
    copy_init3.o                44
    cstartup_M.o                12
    data_init.o                 40
    zero_init3.o                64
    ------------------------------------------------
    Total:                     282

shb_l.a: [6]
    exit.o                      20
    ------------------------------------------------
    Total:                      20

    Gaps                        10        2
    Linker created                       36    8 192
----------------------------------------------------
    Grand Total:            10 886      358   53 512


*******************************************************************************
*** ENTRY LIST
***

Entry                      Address    Size  Type      Object
-----                      -------    ----  ----      ------
.iar.init_table$$Base   0x000028b0           --   Gb  - Linker created -
.iar.init_table$$Limit  0x000028d4           --   Gb  - Linker created -
?main                   0x000028d5          Code  Gb  cmain.o [5]
ADdata1                 0x1fff008c  0x5820  Data  Gb  ImageDeal.o [1]
Binaryzation            0x00002249    0x5e  Code  Gb  ImageDeal.o [1]
CSTACK$$Base            0x1fffb108           --   Gb  - Linker created -
CSTACK$$Limit           0x1fffd108           --   Gb  - Linker created -
DMA0_IRQHandler         0x00002725    0x14  Code  Gb  isr.o [1]
Dir_Mid                 0x1fffb0e8     0x2  Data  Gb  ImageDeal.o [1]
Disable_Wdog            0x00002535    0x1a  Code  Gb  system_MK60.o [1]
Distance                0x1fffb0ea     0x2  Data  Gb  ImageDeal.o [1]
FTMX                    0x00002978    0x10  Data  Lc  MK60_ftm.o [1]
FTM_port_mux            0x00001331   0x114  Code  Gb  MK60_ftm.o [1]
GET_CFG                 0x1fff0024    0x20  Data  Gb  SEEKFREE_MT9V032.o [1]
GPIOX                   0x00002930    0x18  Data  Lc  MK60_gpio.o [1]
GPIOX                   0x00002960    0x18  Data  Lc  MK60_port.o [1]
Infra_redL              0x1fff007e     0x2  Data  Gb  main.o [1]
Infra_redM              0x1fff0082     0x2  Data  Gb  main.o [1]
Infra_redR              0x1fff0080     0x2  Data  Gb  main.o [1]
LCD_WriteData_16Bit     0x00001673    0x42  Code  Gb  SEEKFREE_18TFT.o [1]
LED_PTxn                0x1fff0074     0x4  Data  Gb  led.o [1]
Lcd_SetRegion           0x000016b5    0x56  Code  Gb  SEEKFREE_18TFT.o [1]
Lcd_WriteData           0x00001655    0x1e  Code  Gb  SEEKFREE_18TFT.o [1]
Lcd_WriteIndex          0x00001637    0x1e  Code  Gb  SEEKFREE_18TFT.o [1]
MIDX                    0x1fffb0dc     0x2  Data  Gb  ImageDeal.o [1]
MIDY                    0x1fffb0de     0x2  Data  Gb  ImageDeal.o [1]
MT9V032_CFG             0x1fff0000    0x24  Data  Gb  SEEKFREE_MT9V032.o [1]
MotorSpeed1             0x00002505    0x30  Code  Gb  ImageDeal.o [1]
NMI_Handler             0x00002659     0x2  Code  Gb  system_MK60.o [1]
NVIC_DisableIRQ         0x00001a47    0x16  Code  Lc  SEEKFREE_MT9V032.o [1]
NVIC_EnableIRQ          0x00000a49    0x16  Code  Lc  MK60_uart.o [1]
NVIC_EnableIRQ          0x00001a31    0x16  Code  Lc  SEEKFREE_MT9V032.o [1]
NVIC_EnableIRQ          0x00000d15    0x16  Code  Lc  SystemInit.o [1]
NVIC_SetPriority        0x00001a5d    0x2a  Code  Lc  SEEKFREE_MT9V032.o [1]
NVIC_SetPriority        0x00000d2b    0x2a  Code  Lc  SystemInit.o [1]
NewPWMValue             0x1fffb0f4     0x2  Data  Gb  ImageDeal.o [1]
PIT0_IRQHandler         0x00002739    0x4a  Code  Gb  isr.o [1]
PORTA_IRQHandler        0x0000270d     0xa  Code  Gb  isr.o [1]
PORTC_IRQHandler        0x00002717     0xe  Code  Gb  isr.o [1]
PORTX                   0x00002918    0x18  Data  Lc  MK60_gpio.o [1]
PORTX                   0x00002948    0x18  Data  Lc  MK60_port.o [1]
PWM_P                   0x1fffb0d4     0x4  Data  Gb  ImageDeal.o [1]
Region$$Table$$Base     0x000028b0           --   Gb  - Linker created -
Region$$Table$$Limit    0x000028d4           --   Gb  - Linker created -
SPIN                    0x1fff005c     0xc  Data  Gb  MK60_spi.o [1]
SYSTEM_CLK              0x0000256b    0x9e  Code  Gb  system_MK60.o [1]
SeekSpeedL              0x1fff007a     0x2  Data  Gb  ImageDeal.o [1]
SeekSpeedR              0x1fff007c     0x2  Data  Gb  ImageDeal.o [1]
Start                   0x00002609    0x22  Code  Gb  system_MK60.o [1]
Steer_Mid               0x1fff0078     0x2  Data  Gb  ImageDeal.o [1]
Steering_Engine_PWM     0x0000242b    0x94  Code  Gb  ImageDeal.o [1]
Switch                  0x00000ed7   0x232  Code  Gb  SystemInit.o [1]
SystemInit              0x00000d55   0x14e  Code  Gb  SystemInit.o [1]
UART3_RX_TX_IRQHandler  0x00002783    0x14  Code  Gb  isr.o [1]
UltrasonicInit          0x00000ea3    0x34  Code  Gb  SystemInit.o [1]
VSYNC                   0x00001c8b    0x18  Code  Gb  SEEKFREE_MT9V032.o [1]
__Vectors               0x00000000           --   Gb  startup_MK60F15.o [1]
__Vectors_End           0x00000400          Data  Gb  startup_MK60F15.o [1]
__Vectors_Size {Abs}    0x00000400           --   Gb  startup_MK60F15.o [1]
__cmain                 0x000028d5          Code  Gb  cmain.o [5]
__exit                  0x00002905    0x14  Code  Gb  exit.o [6]
__iar_copy_init3        0x00002839    0x2c  Code  Gb  copy_init3.o [5]
__iar_data_init3        0x00002865    0x28  Code  Gb  data_init.o [5]
__iar_init_vfp          0x0000288d          Code  Gb  fpinit_M.o [4]
__iar_program_start     0x00002999          Code  Gb  cstartup_M.o [5]
__iar_unaligned___aeabi_memcpy4
                        0x00000885          Code  Gb  ABImemcpy_unaligned.o [5]
__iar_unaligned___aeabi_memcpy8
                        0x00000885          Code  Gb  ABImemcpy_unaligned.o [5]
__iar_zero_init3        0x000027f9    0x40  Code  Gb  zero_init3.o [5]
__low_level_init        0x000028ef     0x4  Code  Gb  low_level_init.o [3]
__vector_table          0x00000000          Data  Gb  startup_MK60F15.o [1]
_call_main              0x000028e1          Code  Gb  cmain.o [5]
_exit                   0x000028f9          Code  Gb  cexit.o [5]
_main                   0x000028eb          Code  Gb  cmain.o [5]
abs                     0x00000a41     0x8  Code  Gb  abs.o [3]
adc_init                0x00001dd9   0x1fe  Code  Gb  MK60_adc.o [1]
begin_beacon            0x1fffb0ee     0x2  Data  Gb  ImageDeal.o [1]
bus_clk_mhz             0x1fff0070     0x4  Data  Gb  common.o [1]
camera_init             0x00001b8b   0x100  Code  Gb  SEEKFREE_MT9V032.o [1]
core_clk_mhz            0x1fff006c     0x4  Data  Gb  common.o [1]
count_beacon            0x1fffb0ec     0x2  Data  Gb  ImageDeal.o [1]
displayimage032         0x000019ad    0x82  Code  Gb  SEEKFREE_18TFT.o [1]
div_set                 0x0000254f    0x1c  Code  Gb  system_MK60.o [1]
dma_portx2buff_init     0x00002039   0x210  Code  Gb  MK60_dma.o [1]
dma_repeat              0x00001a87    0x58  Code  Lc  SEEKFREE_MT9V032.o [1]
dsp_single_colour       0x0000170b    0x36  Code  Gb  SEEKFREE_18TFT.o [1]
exit                    0x000028f3     0x4  Code  Gb  exit.o [3]
find                    0x000022a7   0x184  Code  Gb  ImageDeal.o [1]
flag_beacon             0x1fffb104     0x1  Data  Gb  ImageDeal.o [1]
flag_speed              0x1fffb0f0     0x2  Data  Gb  ImageDeal.o [1]
flag_steer              0x1fffb0f2     0x2  Data  Gb  ImageDeal.o [1]
ftm_pwm_duty            0x000015a1    0x72  Code  Gb  MK60_ftm.o [1]
ftm_pwm_init            0x00001445   0x15c  Code  Gb  MK60_ftm.o [1]
get_clk                 0x000009c9    0x78  Code  Gb  common.o [1]
get_config              0x00001b25    0x66  Code  Gb  SEEKFREE_MT9V032.o [1]
gpio_get                0x00001289    0x32  Code  Gb  MK60_gpio.o [1]
gpio_init               0x0000115d   0x12c  Code  Gb  MK60_gpio.o [1]
gpio_set                0x000012bb    0x6a  Code  Gb  MK60_gpio.o [1]
i                       0x1fffb0e4     0x2  Data  Gb  ImageDeal.o [1]
image                   0x1fff58ac  0x5820  Data  Gb  SEEKFREE_MT9V032.o [1]
j                       0x1fffb0e6     0x2  Data  Gb  ImageDeal.o [1]
lastMIDX                0x1fffb0e0     0x2  Data  Gb  ImageDeal.o [1]
lastMIDY                0x1fffb0e2     0x2  Data  Gb  ImageDeal.o [1]
lcd_init                0x00001741   0x262  Code  Gb  SEEKFREE_18TFT.o [1]
led                     0x00001d2f    0x3c  Code  Gb  led.o [1]
led_init                0x00001cf5    0x3a  Code  Gb  led.o [1]
main                    0x0000265d    0xb0  Code  Gb  main.o [1]
mcgout_clk_mhz          0x1fff0068     0x4  Data  Gb  common.o [1]
mt9v032_cof_uart_interrupt
                        0x00001adf    0x46  Code  Gb  SEEKFREE_MT9V032.o [1]
mt9v032_finish_flag     0x1fffb107     0x1  Data  Gb  SEEKFREE_MT9V032.o [1]
period                  0x1fffb0cc     0x8  Data  Gb  MK60_ftm.o [1]
pit_init                0x00001d71    0x5c  Code  Gb  MK60_pit.o [1]
port_init               0x000008dd    0x80  Code  Gb  MK60_port.o [1]
port_init_NoAlt         0x0000095d    0x60  Code  Gb  MK60_port.o [1]
receive                 0x1fffb0d8     0x4  Data  Gb  SEEKFREE_MT9V032.o [1]
receive_num             0x1fffb106     0x1  Data  Gb  SEEKFREE_MT9V032.o [1]
row_finished            0x00001ca3     0x8  Code  Gb  SEEKFREE_MT9V032.o [1]
speed0                  0x1fffb0f6     0x2  Data  Gb  SystemInit.o [1]
speed1                  0x1fffb0f8     0x2  Data  Gb  SystemInit.o [1]
speed2                  0x1fffb0fa     0x2  Data  Gb  SystemInit.o [1]
speed3                  0x1fffb0fc     0x2  Data  Gb  SystemInit.o [1]
speed4                  0x1fffb0fe     0x2  Data  Gb  SystemInit.o [1]
speed5                  0x1fffb100     0x2  Data  Gb  SystemInit.o [1]
speed6                  0x1fffb102     0x2  Data  Gb  SystemInit.o [1]
spi_init                0x00000411   0x33e  Code  Gb  MK60_spi.o [1]
spi_mosi                0x0000074f   0x110  Code  Gb  MK60_spi.o [1]
status1                 0x1fffb105     0x1  Data  Gb  main.o [1]
status2                 0x1fff0085     0x1  Data  Gb  SystemInit.o [1]
status3                 0x1fff0086     0x1  Data  Gb  SystemInit.o [1]
status4                 0x1fff0087     0x1  Data  Gb  SystemInit.o [1]
status5                 0x1fff0088     0x1  Data  Gb  SystemInit.o [1]
status6                 0x1fff0089     0x1  Data  Gb  SystemInit.o [1]
status7                 0x1fff008a     0x1  Data  Gb  SystemInit.o [1]
status8                 0x1fff008b     0x1  Data  Gb  SystemInit.o [1]
systick_delay           0x00001fe5    0x24  Code  Gb  MK60_systick.o [1]
systick_delay_ms        0x00002009    0x1e  Code  Gb  MK60_systick.o [1]
tft_delay               0x0000162d     0xa  Code  Gb  SEEKFREE_18TFT.o [1]
uart                    0x1fff0044    0x18  Data  Gb  MK60_uart.o [1]
uart_getchar            0x00000cb1    0x1c  Code  Gb  MK60_uart.o [1]
uart_init               0x00000a5f   0x218  Code  Gb  MK60_uart.o [1]
uart_putbuff            0x00000c91    0x20  Code  Gb  MK60_uart.o [1]
uart_putchar            0x00000c77    0x1a  Code  Gb  MK60_uart.o [1]
uart_receive_flag       0x1fff0084     0x1  Data  Gb  SEEKFREE_MT9V032.o [1]
uart_rx_irq_en          0x00000ccd    0x2a  Code  Gb  MK60_uart.o [1]


[1] = E:\Competition\飞卡\2018.7\cx\信标7.18\曲师信标二队比赛程序\新建文件夹\2018信标C1车\Projecct\IAR\program\MK60FX_Debug\Obj
[2] = command line
[3] = dl7M_tlf.a
[4] = m7M_tls.a
[5] = rt7M_tl.a
[6] = shb_l.a

  10 886 bytes of readonly  code memory
     358 bytes of readonly  data memory
  53 512 bytes of readwrite data memory

Errors: none
Warnings: none
